// Jest Snapshot v1, https://goo.gl/fbAQLP

exports[`My Greeter 1`] = `"Hello John Doe"`;
